
PLAY [localhost] ***************************************************************

TASK [Display inventory_hostname] **********************************************
[0;32mok: [localhost] => {[0m
[0;32m    "inventory_hostname": "localhost"[0m
[0;32m}[0m

TASK [Display param email] *****************************************************
[0;32mok: [localhost] => {[0m
[0;32m    "email": "VARIABLE IS NOT DEFINED!"[0m
[0;32m}[0m

TASK [Display param app1_server] ***********************************************
[0;32mok: [localhost] => {[0m
[0;32m    "app1_server": "VARIABLE IS NOT DEFINED!"[0m
[0;32m}[0m

TASK [Display param prod_servers] **********************************************
[0;32mok: [localhost] => {[0m
[0;32m    "prod_servers": "VARIABLE IS NOT DEFINED!"[0m
[0;32m}[0m

TASK [Display param color] *****************************************************
[0;32mok: [localhost] => {[0m
[0;32m    "color": "VARIABLE IS NOT DEFINED!"[0m
[0;32m}[0m

TASK [Display param agree] *****************************************************
[0;32mok: [localhost] => {[0m
[0;32m    "agree": "VARIABLE IS NOT DEFINED!"[0m
[0;32m}[0m

TASK [Task with tag] ***********************************************************
[0;32mok: [localhost] => {[0m
[0;32m    "msg": "A tagged task"[0m
[0;32m}[0m

TASK [Task without tag] ********************************************************
[0;32mok: [localhost] => {[0m
[0;32m    "msg": "A task without tags"[0m
[0;32m}[0m

PLAY RECAP *********************************************************************
[0;32mlocalhost[0m                  : [0;32mok=8   [0m changed=0    unreachable=0    failed=0   

